当前结果D:9
本期下注：X
--------------------------------2990---10
当前结果D:10
上期结果:未中奖
本期下注：D
--------------------------------2970---20
当前结果X:4
上期结果:未中奖
本期下注：D
--------------------------------2930---40
当前结果X:4
上期结果:未中奖
本期下注：X
--------------------------------2850---80
当前结果D:8
上期结果:未中奖
本期下注：X
--------------------------------2690---160
当前结果D:7
上期结果:未中奖
本期下注：X
--------------------------------2370---320
当前结果D:8
上期结果:未中奖
本期下注：X
--------------------------------1730---10
当前结果D:6
上期结果:未中奖
本期下注：X
--------------------------------1710---20
当前结果X:5
上期结果:中奖了
本期下注：X
--------------------------------1739.98---10
当前结果X:1
上期结果:中奖了
本期下注：X
--------------------------------1749.97---10
当前结果D:7
上期结果:未中奖
本期下注：D
--------------------------------1729.97---20
当前结果X:3
上期结果:未中奖
本期下注：X
--------------------------------1689.97---40
当前结果D:8
上期结果:未中奖
本期下注：X
--------------------------------1609.97---80
当前结果X:1
上期结果:中奖了
本期下注：D
--------------------------------1759.89---10
当前结果X:5
上期结果:未中奖
本期下注：X
--------------------------------1739.89---20
当前结果X:3
上期结果:中奖了
本期下注：D
--------------------------------1769.8700000000001---10
当前结果D:7
上期结果:中奖了
本期下注：D
--------------------------------1779.8600000000001---10
当前结果X:4
上期结果:未中奖
本期下注：D
--------------------------------1759.8600000000001---20
当前结果D:8
上期结果:中奖了
本期下注：X
--------------------------------1789.8400000000001---10
当前结果D:6
上期结果:未中奖
本期下注：X
--------------------------------1769.8400000000001---20
当前结果D:6
上期结果:未中奖
本期下注：D
--------------------------------1729.8400000000001---40
当前结果X:3
上期结果:未中奖
本期下注：X
--------------------------------1649.8400000000001---80
当前结果X:1
上期结果:中奖了
本期下注：X
--------------------------------1799.7600000000002---10
当前结果X:3
上期结果:中奖了
本期下注：X
--------------------------------1809.7500000000002---10
当前结果D:8
上期结果:未中奖
本期下注：X
--------------------------------1789.7500000000002---20
当前结果X:5
上期结果:中奖了
本期下注：X
--------------------------------1819.7300000000002---10
当前结果X:2
上期结果:中奖了
本期下注：X
--------------------------------1829.7200000000003---10
当前结果D:7
上期结果:未中奖
本期下注：X
--------------------------------1809.7200000000003---20
当前结果D:6
上期结果:未中奖
本期下注：X
--------------------------------1769.7200000000003---40
当前结果X:3
上期结果:中奖了
本期下注：X
--------------------------------1839.6800000000003---10
当前结果D:10
上期结果:未中奖
本期下注：D
--------------------------------1819.6800000000003---20
当前结果D:10
上期结果:中奖了
本期下注：D
--------------------------------1849.6600000000003---10
当前结果D:9
上期结果:中奖了
本期下注：X
--------------------------------1859.6500000000003---10
当前结果X:1
上期结果:中奖了
本期下注：X
--------------------------------1869.6400000000003---10
当前结果X:1
上期结果:中奖了
本期下注：X
--------------------------------1879.6300000000003---10
当前结果X:4
上期结果:中奖了
本期下注：X
--------------------------------1889.6200000000003---10
当前结果X:3
上期结果:中奖了
本期下注：X
--------------------------------1899.6100000000004---10
当前结果X:5
上期结果:中奖了
本期下注：D
--------------------------------1909.6000000000004---10
当前结果X:1
上期结果:未中奖
本期下注：X
--------------------------------1889.6000000000004---20
当前结果D:9
上期结果:未中奖
本期下注：X
--------------------------------1849.6000000000004---40
当前结果X:4
上期结果:中奖了
本期下注：D
--------------------------------1919.5600000000004---10
当前结果D:8
上期结果:中奖了
本期下注：X
--------------------------------1929.5500000000004---10
当前结果X:4
上期结果:中奖了
本期下注：D
--------------------------------1939.5400000000004---10
当前结果X:2
上期结果:未中奖
本期下注：X
--------------------------------1919.5400000000004---20
当前结果X:4
上期结果:中奖了
本期下注：X
--------------------------------1949.5200000000004---10
当前结果X:4
上期结果:中奖了
本期下注：D
--------------------------------1959.5100000000004---10
当前结果X:5
上期结果:未中奖
本期下注：D
--------------------------------1939.5100000000004---20
当前结果D:10
上期结果:中奖了
本期下注：D
--------------------------------1969.4900000000005---10
当前结果X:4
上期结果:未中奖
本期下注：X
--------------------------------1949.4900000000005---20
当前结果X:2
上期结果:中奖了
本期下注：X
--------------------------------1979.4700000000005---10
当前结果D:6
上期结果:未中奖
本期下注：X
--------------------------------1959.4700000000005---20
当前结果D:6
上期结果:未中奖
本期下注：D
--------------------------------1919.4700000000005---40
当前结果D:9
上期结果:中奖了
本期下注：X
--------------------------------1989.4300000000005---10
当前结果D:8
上期结果:未中奖
本期下注：D
--------------------------------1969.4300000000005---20
当前结果X:3
上期结果:未中奖
本期下注：D
--------------------------------1929.4300000000005---40
当前结果D:7
上期结果:中奖了
本期下注：X
--------------------------------1999.3900000000006---10
当前结果D:8
上期结果:未中奖
本期下注：X
--------------------------------1979.3900000000006---20
当前结果X:4
上期结果:中奖了
本期下注：D
--------------------------------2009.3700000000006---10
当前结果D:9
上期结果:中奖了
本期下注：X
--------------------------------2019.3600000000006---10
当前结果D:10
上期结果:未中奖
本期下注：X
--------------------------------1999.3600000000006---20
当前结果X:5
上期结果:中奖了
本期下注：D
--------------------------------2029.3400000000006---10
当前结果D:7
上期结果:中奖了
本期下注：D
--------------------------------2039.3300000000004---10
当前结果X:2
上期结果:未中奖
本期下注：D
--------------------------------2019.3300000000004---20
当前结果X:2
上期结果:未中奖
本期下注：D
--------------------------------1979.3300000000004---40
当前结果X:3
上期结果:未中奖
本期下注：D
--------------------------------1899.3300000000004---80
当前结果D:6
上期结果:中奖了
本期下注：X
--------------------------------2049.2500000000005---10
当前结果X:3
上期结果:中奖了
本期下注：D
--------------------------------2059.2400000000002---10
当前结果X:2
上期结果:未中奖
本期下注：X
--------------------------------2039.2400000000002---20
当前结果X:1
上期结果:中奖了
本期下注：D
--------------------------------2069.2200000000003---10
当前结果D:7
上期结果:中奖了
本期下注：D
--------------------------------2079.21---10
当前结果X:2
上期结果:未中奖
本期下注：D
--------------------------------2059.21---20
当前结果D:10
上期结果:中奖了
本期下注：X
--------------------------------2089.19---10
当前结果X:2
上期结果:中奖了
本期下注：X
--------------------------------2099.18---10
当前结果X:2
上期结果:中奖了
本期下注：D
--------------------------------2109.1699999999996---10
当前结果X:1
上期结果:未中奖
本期下注：D
--------------------------------2089.1699999999996---20
当前结果X:4
上期结果:未中奖
本期下注：X
--------------------------------2049.1699999999996---40
当前结果X:1
上期结果:中奖了
本期下注：X
--------------------------------2119.1299999999997---10
当前结果D:10
上期结果:未中奖
本期下注：D
--------------------------------2099.1299999999997---20
当前结果X:3
上期结果:未中奖
本期下注：D
--------------------------------2059.1299999999997---40
当前结果X:1
上期结果:未中奖
本期下注：D
--------------------------------1979.1299999999997---80
当前结果X:4
上期结果:未中奖
本期下注：X
--------------------------------1819.1299999999997---160
当前结果X:2
上期结果:中奖了
本期下注：X
--------------------------------2128.97---10
当前结果X:2
上期结果:中奖了
本期下注：D
--------------------------------2138.9599999999996---10
当前结果D:6
上期结果:中奖了
本期下注：D
--------------------------------2148.9499999999994---10
当前结果D:8
上期结果:中奖了
本期下注：X
--------------------------------2158.939999999999---10
当前结果X:1
上期结果:中奖了
本期下注：D
--------------------------------2168.929999999999---10
当前结果D:7
上期结果:中奖了
本期下注：X
--------------------------------2178.9199999999987---10
当前结果X:2
上期结果:中奖了
本期下注：D
--------------------------------2188.9099999999985---10
当前结果D:6
上期结果:中奖了
本期下注：D
--------------------------------2198.8999999999983---10
当前结果D:6
上期结果:中奖了
本期下注：D
--------------------------------2208.889999999998---10
当前结果X:5
上期结果:未中奖
本期下注：D
--------------------------------2188.889999999998---20
当前结果X:4
上期结果:未中奖
本期下注：D
--------------------------------2148.889999999998---40
当前结果D:6
上期结果:中奖了
本期下注：X
--------------------------------2218.849999999998---10
当前结果X:3
上期结果:中奖了
本期下注：D
--------------------------------2228.839999999998---10
当前结果D:10
上期结果:中奖了
本期下注：D
--------------------------------2238.8299999999977---10
当前结果X:2
上期结果:未中奖
本期下注：D
--------------------------------2218.8299999999977---20
当前结果X:3
上期结果:未中奖
本期下注：X
--------------------------------2178.8299999999977---40
当前结果X:3
上期结果:中奖了
本期下注：X
--------------------------------2248.7899999999977---10
当前结果X:4
上期结果:中奖了
本期下注：D
--------------------------------2258.7799999999975---10
当前结果D:6
上期结果:中奖了
本期下注：D
--------------------------------2268.7699999999973---10
当前结果X:4
上期结果:未中奖
本期下注：D
--------------------------------2248.7699999999973---20
当前结果D:8
上期结果:中奖了
本期下注：X
--------------------------------2278.7499999999973---10
当前结果X:4
上期结果:中奖了
本期下注：X
--------------------------------2288.739999999997---10
当前结果X:3
上期结果:中奖了
本期下注：D
--------------------------------2298.729999999997---10
当前结果X:2
上期结果:未中奖
本期下注：D
--------------------------------2278.729999999997---20
当前结果X:3
上期结果:未中奖
本期下注：D
--------------------------------2238.729999999997---40
当前结果X:3
上期结果:未中奖
本期下注：X
--------------------------------2158.729999999997---80
当前结果D:7
上期结果:未中奖
本期下注：X
--------------------------------1998.7299999999968---160
当前结果X:5
上期结果:中奖了
本期下注：D
--------------------------------2308.569999999997---10
当前结果D:7
上期结果:中奖了
本期下注：X
--------------------------------2318.5599999999968---10
当前结果D:6
上期结果:未中奖
本期下注：D
--------------------------------2298.5599999999968---20
当前结果X:5
上期结果:未中奖
本期下注：D
--------------------------------2258.5599999999968---40
当前结果X:4
上期结果:未中奖
本期下注：X
--------------------------------2178.5599999999968---80
当前结果X:1
上期结果:中奖了
本期下注：D
--------------------------------2328.479999999997---10
当前结果D:9
上期结果:中奖了
本期下注：X
--------------------------------2338.4699999999966---10
当前结果X:2
上期结果:中奖了
本期下注：D
--------------------------------2348.4599999999964---10
当前结果X:3
上期结果:未中奖
本期下注：X
--------------------------------2328.4599999999964---20
当前结果D:8
上期结果:未中奖
本期下注：D
--------------------------------2288.4599999999964---40
当前结果D:10
上期结果:中奖了
本期下注：D
--------------------------------2358.4199999999964---10
当前结果D:8
上期结果:中奖了
本期下注：X
--------------------------------2368.409999999996---10
当前结果X:5
上期结果:中奖了
本期下注：X
--------------------------------2378.399999999996---10
当前结果D:6
上期结果:未中奖
本期下注：X
--------------------------------2358.399999999996---20
当前结果X:1
上期结果:中奖了
本期下注：X
--------------------------------2388.379999999996---10
当前结果X:4
上期结果:中奖了
本期下注：D
--------------------------------2398.369999999996---10
当前结果X:5
上期结果:未中奖
本期下注：X
--------------------------------2378.369999999996---20
当前结果D:9
上期结果:未中奖
本期下注：X
--------------------------------2338.369999999996---40
当前结果X:2
上期结果:中奖了
本期下注：D
--------------------------------2408.329999999996---10
当前结果D:6
上期结果:中奖了
本期下注：X
--------------------------------2418.3199999999956---10
当前结果D:7
上期结果:未中奖
本期下注：D
--------------------------------2398.3199999999956---20
当前结果D:6
上期结果:中奖了
本期下注：X
--------------------------------2428.2999999999956---10
当前结果X:3
上期结果:中奖了
本期下注：X
--------------------------------2438.2899999999954---10
当前结果X:3
上期结果:中奖了
本期下注：X
--------------------------------2448.279999999995---10
当前结果D:8
上期结果:未中奖
本期下注：X
--------------------------------2428.279999999995---20
当前结果X:5
上期结果:中奖了
本期下注：D
--------------------------------2458.259999999995---10
当前结果D:10
上期结果:中奖了
本期下注：X
--------------------------------2468.249999999995---10
当前结果D:8
上期结果:未中奖
本期下注：D
--------------------------------2448.249999999995---20
当前结果D:10
上期结果:中奖了
本期下注：X
--------------------------------2478.229999999995---10
当前结果D:6
上期结果:未中奖
本期下注：X
--------------------------------2458.229999999995---20
当前结果X:1
上期结果:中奖了
本期下注：X
--------------------------------2488.209999999995---10
当前结果X:3
上期结果:中奖了
本期下注：X
--------------------------------2498.199999999995---10
当前结果X:1
上期结果:中奖了
本期下注：D
--------------------------------2508.1899999999946---10
当前结果X:5
上期结果:未中奖
本期下注：X
--------------------------------2488.1899999999946---20
当前结果X:3
上期结果:中奖了
本期下注：X
--------------------------------2518.1699999999946---10
当前结果X:1
上期结果:中奖了
本期下注：D
--------------------------------2528.1599999999944---10
当前结果X:3
上期结果:未中奖
本期下注：X
--------------------------------2508.1599999999944---20
当前结果X:3
上期结果:中奖了
本期下注：D
--------------------------------2538.1399999999944---10
当前结果D:7
上期结果:中奖了
本期下注：D
--------------------------------2548.129999999994---10
当前结果X:5
上期结果:未中奖
本期下注：X
--------------------------------2528.129999999994---20
当前结果D:10
上期结果:未中奖
本期下注：X
--------------------------------2488.129999999994---40
当前结果D:8
上期结果:未中奖
本期下注：D
--------------------------------2408.129999999994---80
当前结果X:2
上期结果:未中奖
本期下注：X
--------------------------------2248.129999999994---160
当前结果X:3
上期结果:中奖了
本期下注：D
--------------------------------2557.9699999999943---10
当前结果X:4
上期结果:未中奖
本期下注：X
--------------------------------2537.9699999999943---20
当前结果X:1
上期结果:中奖了
本期下注：X
--------------------------------2567.9499999999944---10
当前结果D:9
上期结果:未中奖
本期下注：X
--------------------------------2547.9499999999944---20
当前结果D:6
上期结果:未中奖
本期下注：D
--------------------------------2507.9499999999944---40
当前结果X:1
上期结果:未中奖
本期下注：X
--------------------------------2427.9499999999944---80
当前结果X:2
上期结果:中奖了
本期下注：X
--------------------------------2577.8699999999944---10
当前结果D:6
上期结果:未中奖
本期下注：X
--------------------------------2557.8699999999944---20
当前结果D:9
上期结果:未中奖
本期下注：X
--------------------------------2517.8699999999944---40
当前结果X:1
上期结果:中奖了
本期下注：D
--------------------------------2587.8299999999945---10
当前结果D:6
上期结果:中奖了
本期下注：D
--------------------------------2597.8199999999943---10
当前结果D:7
上期结果:中奖了
本期下注：D
--------------------------------2607.809999999994---10
当前结果X:1
上期结果:未中奖
本期下注：X
--------------------------------2587.809999999994---20
当前结果D:8
上期结果:未中奖
本期下注：D
--------------------------------2547.809999999994---40
当前结果D:10
上期结果:中奖了
本期下注：X
--------------------------------2617.769999999994---10
当前结果D:7
上期结果:未中奖
本期下注：X
--------------------------------2597.769999999994---20
当前结果X:3
上期结果:中奖了
本期下注：D
--------------------------------2627.749999999994---10
当前结果X:1
上期结果:未中奖
本期下注：X
--------------------------------2607.749999999994---20
当前结果X:3
上期结果:中奖了
本期下注：X
--------------------------------2637.729999999994---10
当前结果X:4
上期结果:中奖了
本期下注：X
--------------------------------2647.719999999994---10
当前结果X:5
上期结果:中奖了
本期下注：D
--------------------------------2657.7099999999937---10
当前结果D:10
上期结果:中奖了
本期下注：X
--------------------------------2667.6999999999935---10
当前结果D:9
上期结果:未中奖
本期下注：X
--------------------------------2647.6999999999935---20
当前结果X:1
上期结果:中奖了
本期下注：X
--------------------------------2677.6799999999935---10
当前结果D:9
上期结果:未中奖
本期下注：D
--------------------------------2657.6799999999935---20
当前结果X:2
上期结果:未中奖
本期下注：X
--------------------------------2617.6799999999935---40
当前结果X:1
上期结果:中奖了
本期下注：X
--------------------------------2687.6399999999935---10
当前结果D:10
上期结果:未中奖
本期下注：X
--------------------------------2667.6399999999935---20
当前结果D:9
上期结果:未中奖
本期下注：D
--------------------------------2627.6399999999935---40
当前结果D:10
上期结果:中奖了
本期下注：X
--------------------------------2697.5999999999935---10
当前结果D:6
上期结果:未中奖
本期下注：D
--------------------------------2677.5999999999935---20
当前结果D:8
上期结果:中奖了
本期下注：D
--------------------------------2707.5799999999936---10
当前结果D:10
上期结果:中奖了
本期下注：D
--------------------------------2717.5699999999933---10
当前结果D:7
上期结果:中奖了
本期下注：X
--------------------------------2727.559999999993---10
当前结果D:8
上期结果:未中奖
本期下注：X
--------------------------------2707.559999999993---20
当前结果X:2
上期结果:中奖了
本期下注：X
--------------------------------2737.539999999993---10
当前结果D:9
上期结果:未中奖
本期下注：X
--------------------------------2717.539999999993---20
当前结果X:5
上期结果:中奖了
本期下注：D
--------------------------------2747.519999999993---10
当前结果X:1
上期结果:未中奖
本期下注：D
--------------------------------2727.519999999993---20
当前结果D:8
上期结果:中奖了
本期下注：X
--------------------------------2757.499999999993---10
当前结果X:4
上期结果:中奖了
本期下注：X
--------------------------------2767.489999999993---10
当前结果D:7
上期结果:未中奖
本期下注：X
--------------------------------2747.489999999993---20
当前结果D:9
上期结果:未中奖
本期下注：X
--------------------------------2707.489999999993---40
当前结果D:9
上期结果:未中奖
本期下注：X
--------------------------------2627.489999999993---80
当前结果X:2
上期结果:中奖了
本期下注：X
--------------------------------2777.409999999993---10
当前结果D:7
上期结果:未中奖
本期下注：D
--------------------------------2757.409999999993---20
当前结果D:6
上期结果:中奖了
本期下注：D
--------------------------------2787.389999999993---10
当前结果X:4
上期结果:未中奖
本期下注：D
--------------------------------2767.389999999993---20
当前结果X:2
上期结果:未中奖
本期下注：X
--------------------------------2727.389999999993---40
当前结果D:9
上期结果:未中奖
本期下注：D
--------------------------------2647.389999999993---80
当前结果X:3
上期结果:未中奖
本期下注：D
--------------------------------2487.389999999993---160
当前结果X:3
上期结果:未中奖
本期下注：D
--------------------------------2167.389999999993---320
当前结果D:9
上期结果:中奖了
本期下注：D
--------------------------------2797.0699999999933---10
当前结果X:3
上期结果:未中奖
本期下注：D
--------------------------------2777.0699999999933---20
当前结果D:9
上期结果:中奖了
本期下注：X
--------------------------------2807.0499999999934---10
当前结果X:1
上期结果:中奖了
本期下注：D
--------------------------------2817.039999999993---10
当前结果D:6
上期结果:中奖了
本期下注：X
--------------------------------2827.029999999993---10
当前结果X:1
上期结果:中奖了
本期下注：D
--------------------------------2837.0199999999927---10
当前结果D:9
上期结果:中奖了
本期下注：D
--------------------------------2847.0099999999925---10
当前结果D:10
上期结果:中奖了
本期下注：D
--------------------------------2856.9999999999923---10
当前结果D:8
上期结果:中奖了
本期下注：D
--------------------------------2866.989999999992---10
当前结果D:8
上期结果:中奖了
本期下注：D
--------------------------------2876.979999999992---10
当前结果D:9
上期结果:中奖了
本期下注：X
--------------------------------2886.9699999999916---10
当前结果X:1
上期结果:中奖了
本期下注：D
--------------------------------2896.9599999999914---10
当前结果X:4
上期结果:未中奖
本期下注：D
--------------------------------2876.9599999999914---20
当前结果D:7
上期结果:中奖了
本期下注：D
--------------------------------2906.9399999999914---10
当前结果D:8
上期结果:中奖了
本期下注：D
--------------------------------2916.929999999991---10
当前结果D:7
上期结果:中奖了
本期下注：D
--------------------------------2926.919999999991---10
当前结果D:7
上期结果:中奖了
本期下注：D
--------------------------------2936.9099999999908---10
当前结果D:7
上期结果:中奖了
本期下注：D
--------------------------------2946.8999999999905---10
当前结果D:7
上期结果:中奖了
本期下注：D
--------------------------------2956.8899999999903---10
当前结果D:8
上期结果:中奖了
本期下注：X
--------------------------------2966.87999999999---10
当前结果D:9
上期结果:未中奖
本期下注：D
--------------------------------2946.87999999999---20
当前结果D:8
上期结果:中奖了
本期下注：D
--------------------------------2976.85999999999---10
当前结果X:2
上期结果:未中奖
本期下注：D
--------------------------------2956.85999999999---20
当前结果D:9
上期结果:中奖了
本期下注：D
--------------------------------2986.83999999999---10
当前结果X:5
上期结果:未中奖
本期下注：X
--------------------------------2966.83999999999---20
当前结果D:10
上期结果:未中奖
本期下注：X
--------------------------------2926.83999999999---40
当前结果D:6
上期结果:未中奖
本期下注：X
--------------------------------2846.83999999999---80
当前结果D:10
上期结果:未中奖
本期下注：X
--------------------------------2686.83999999999---160
当前结果D:8
上期结果:未中奖
本期下注：X
--------------------------------2366.83999999999---320
当前结果X:1
上期结果:中奖了
本期下注：X
--------------------------------2996.5199999999904---10
当前结果X:4
上期结果:中奖了
本期下注：D
--------------------------------3006.50999999999---10
当前结果X:3
上期结果:未中奖
本期下注：D
--------------------------------2986.50999999999---20
当前结果D:6
上期结果:中奖了
本期下注：D
--------------------------------3016.4899999999902---10
当前结果X:4
上期结果:未中奖
本期下注：X
--------------------------------2996.4899999999902---20
当前结果D:10
上期结果:未中奖
本期下注：D
--------------------------------2956.4899999999902---40
当前结果D:10
上期结果:中奖了
本期下注：D
--------------------------------3026.4499999999903---10
当前结果D:10
上期结果:中奖了
本期下注：D
--------------------------------3036.43999999999---10
当前结果D:7
上期结果:中奖了
本期下注：D
--------------------------------3046.42999999999---10
当前结果X:2
上期结果:未中奖
本期下注：D
--------------------------------3026.42999999999---20
当前结果X:4
上期结果:未中奖
本期下注：D
--------------------------------2986.42999999999---40
当前结果X:3
上期结果:未中奖
本期下注：D
--------------------------------2906.42999999999---80
当前结果D:7
上期结果:中奖了
本期下注：D
--------------------------------3056.34999999999---10
当前结果X:5
上期结果:未中奖
本期下注：D
--------------------------------3036.34999999999---20
当前结果X:2
上期结果:未中奖
本期下注：X
--------------------------------2996.34999999999---40
当前结果D:7
上期结果:未中奖
本期下注：X
--------------------------------2916.34999999999---80
当前结果D:8
上期结果:未中奖
本期下注：X
--------------------------------2756.34999999999---160
当前结果D:9
上期结果:未中奖
本期下注：X
--------------------------------2436.34999999999---320
当前结果D:7
上期结果:未中奖
本期下注：X
--------------------------------1796.34999999999---10
当前结果X:3
上期结果:中奖了
本期下注：D
--------------------------------1806.33999999999---10
当前结果D:10
上期结果:中奖了
本期下注：X
--------------------------------1816.32999999999---10
当前结果X:2
上期结果:中奖了
本期下注：D
--------------------------------1826.31999999999---10
当前结果D:9
上期结果:中奖了
本期下注：D
--------------------------------1836.30999999999---10
当前结果X:3
上期结果:未中奖
本期下注：X
--------------------------------1816.30999999999---20
当前结果X:2
上期结果:中奖了
本期下注：D
--------------------------------1846.28999999999---10
当前结果D:10
上期结果:中奖了
本期下注：X
2,4,3,7,5,2,7,8,9,7,3,10,2,9,3
--------------------------------1856.27999999999---10
1856.27999999999
